Hmm ... looks like a package
Converting parsed Rd's to LaTeX ...
Creating pdf output from LaTeX ...

This is pdfTeX, Version 3.141592653-2.6-1.40.26 (TeX Live 2024) (preloaded format=pdflatex)
 restricted \write18 enabled.
entering extended mode
LaTeX2e <2023-11-01> patch level 1
L3 programming layer <2024-02-20>
(./Rd2.tex
(/usr/local/texlive/2024/texmf-dist/tex/latex/base/book.cls
Document Class: book 2023/05/17 v1.4n Standard LaTeX document class
(/usr/local/texlive/2024/texmf-dist/tex/latex/base/bk10.clo))
(/Library/Frameworks/R.framework/Resources/share/texmf/tex/latex/Rd.sty
(/usr/local/texlive/2024/texmf-dist/tex/latex/base/ifthen.sty)
(/usr/local/texlive/2024/texmf-dist/tex/generic/iftex/iftex.sty)
(/usr/local/texlive/2024/texmf-dist/tex/latex/tools/longtable.sty)
(/usr/local/texlive/2024/texmf-dist/tex/latex/tools/bm.sty)
(/usr/local/texlive/2024/texmf-dist/tex/latex/base/alltt.sty)
(/usr/local/texlive/2024/texmf-dist/tex/latex/tools/verbatim.sty)
(/usr/local/texlive/2024/texmf-dist/tex/latex/url/url.sty)
(/usr/local/texlive/2024/texmf-dist/tex/latex/base/textcomp.sty)
(/usr/local/texlive/2024/texmf-dist/tex/latex/amsmath/amsmath.sty
For additional information on amsmath, use the `?' option.
(/usr/local/texlive/2024/texmf-dist/tex/latex/amsmath/amstext.sty
(/usr/local/texlive/2024/texmf-dist/tex/latex/amsmath/amsgen.sty))
(/usr/local/texlive/2024/texmf-dist/tex/latex/amsmath/amsbsy.sty)
(/usr/local/texlive/2024/texmf-dist/tex/latex/amsmath/amsopn.sty))
(/usr/local/texlive/2024/texmf-dist/tex/latex/amsfonts/amsfonts.sty)
(/usr/local/texlive/2024/texmf-dist/tex/latex/amsfonts/amssymb.sty)
(/usr/local/texlive/2024/texmf-dist/tex/latex/jknapltx/mathrsfs.sty)
(/usr/local/texlive/2024/texmf-dist/tex/latex/base/fontenc.sty)
(/usr/local/texlive/2024/texmf-dist/tex/latex/psnfss/times.sty)
(/usr/local/texlive/2024/texmf-dist/tex/latex/inconsolata/zi4.sty
`inconsolata-zi4' v1.12, 2019/05/17 Text macros for Inconsolata (msharpe)
(/usr/local/texlive/2024/texmf-dist/tex/latex/xkeyval/xkeyval.sty
(/usr/local/texlive/2024/texmf-dist/tex/generic/xkeyval/xkeyval.tex
(/usr/local/texlive/2024/texmf-dist/tex/generic/xkeyval/xkvutils.tex
(/usr/local/texlive/2024/texmf-dist/tex/generic/xkeyval/keyval.tex)))))
(/usr/local/texlive/2024/texmf-dist/tex/latex/graphics/color.sty
(/usr/local/texlive/2024/texmf-dist/tex/latex/graphics-cfg/color.cfg)
(/usr/local/texlive/2024/texmf-dist/tex/latex/graphics-def/pdftex.def)
(/usr/local/texlive/2024/texmf-dist/tex/latex/graphics/mathcolor.ltx))
(/usr/local/texlive/2024/texmf-dist/tex/latex/hyperref/hyperref.sty
(/usr/local/texlive/2024/texmf-dist/tex/latex/kvsetkeys/kvsetkeys.sty)
(/usr/local/texlive/2024/texmf-dist/tex/generic/kvdefinekeys/kvdefinekeys.sty)
(/usr/local/texlive/2024/texmf-dist/tex/generic/pdfescape/pdfescape.sty
(/usr/local/texlive/2024/texmf-dist/tex/generic/ltxcmds/ltxcmds.sty)
(/usr/local/texlive/2024/texmf-dist/tex/generic/pdftexcmds/pdftexcmds.sty
(/usr/local/texlive/2024/texmf-dist/tex/generic/infwarerr/infwarerr.sty)))
(/usr/local/texlive/2024/texmf-dist/tex/latex/hycolor/hycolor.sty)
(/usr/local/texlive/2024/texmf-dist/tex/latex/auxhook/auxhook.sty)
(/usr/local/texlive/2024/texmf-dist/tex/latex/hyperref/nameref.sty
(/usr/local/texlive/2024/texmf-dist/tex/latex/refcount/refcount.sty)
(/usr/local/texlive/2024/texmf-dist/tex/generic/gettitlestring/gettitlestring.s
ty (/usr/local/texlive/2024/texmf-dist/tex/latex/kvoptions/kvoptions.sty)))
(/usr/local/texlive/2024/texmf-dist/tex/latex/etoolbox/etoolbox.sty)
(/usr/local/texlive/2024/texmf-dist/tex/latex/hyperref/pd1enc.def)
(/usr/local/texlive/2024/texmf-dist/tex/generic/intcalc/intcalc.sty)
(/usr/local/texlive/2024/texmf-dist/tex/latex/hyperref/puenc.def)
(/usr/local/texlive/2024/texmf-dist/tex/generic/bitset/bitset.sty
(/usr/local/texlive/2024/texmf-dist/tex/generic/bigintcalc/bigintcalc.sty))
(/usr/local/texlive/2024/texmf-dist/tex/latex/base/atbegshi-ltx.sty))
(/usr/local/texlive/2024/texmf-dist/tex/latex/hyperref/hpdftex.def
(/usr/local/texlive/2024/texmf-dist/tex/latex/base/atveryend-ltx.sty)
(/usr/local/texlive/2024/texmf-dist/tex/latex/rerunfilecheck/rerunfilecheck.sty

(/usr/local/texlive/2024/texmf-dist/tex/generic/uniquecounter/uniquecounter.sty
)))) (/usr/local/texlive/2024/texmf-dist/tex/latex/base/makeidx.sty)
Writing index file Rd2.idx
(/usr/local/texlive/2024/texmf-dist/tex/latex/psnfss/t1ptm.fd)
(/usr/local/texlive/2024/texmf-dist/tex/latex/l3backend/l3backend-pdftex.def)
No file Rd2.aux.
(/usr/local/texlive/2024/texmf-dist/tex/context/base/mkii/supp-pdf.mkii
[Loading MPS to PDF converter (version 2006.09.02).]
) (/usr/local/texlive/2024/texmf-dist/tex/latex/psnfss/ts1ptm.fd)
(/usr/local/texlive/2024/texmf-dist/tex/latex/inconsolata/t1zi4.fd)
(/usr/local/texlive/2024/texmf-dist/tex/latex/amsfonts/umsa.fd)
(/usr/local/texlive/2024/texmf-dist/tex/latex/amsfonts/umsb.fd)
(/usr/local/texlive/2024/texmf-dist/tex/latex/jknapltx/ursfs.fd)
No file Rd2.toc.
[1{/usr/local/texlive/2024/texmf-var/fonts/map/pdftex/updmap/pdftex.map}{/usr/l
ocal/texlive/2024/texmf-dist/fonts/enc/dvips/base/8r.enc}{/usr/local/texlive/20
24/texmf-dist/fonts/enc/dvips/inconsolata/i4-t1-0.enc}] [2] [3]
Overfull \hbox (2.40915pt too wide) in paragraph at lines 178--181
[]\T1/ptm/m/n/10 A data frame with columns: []\T1/zi4/m/n/10 variable[]\T1/ptm/
m/n/10 , []\T1/zi4/m/n/10 earth_direction[]\T1/ptm/m/n/10 , []\T1/zi4/m/n/10 ga
m_direction[]\T1/ptm/m/n/10 , []\T1/zi4/m/n/10 consistent[]\T1/ptm/m/n/10 , []\
T1/zi4/m/n/10 warning[]\T1/ptm/m/n/10 .
[4]
Overfull \hbox (15.09935pt too wide) in paragraph at lines 224--227
[]\T1/ptm/m/n/10 Named char-ac-ter vec-tor with val-ues like []\T1/zi4/m/n/10 "
numeric"[]\T1/ptm/m/n/10 , []\T1/zi4/m/n/10 "integer"[]\T1/ptm/m/n/10 , []\T1/z
i4/m/n/10 "factor"[]\T1/ptm/m/n/10 , []\T1/zi4/m/n/10 "character"[]\T1/ptm/m/n/
10 , []\T1/zi4/m/n/10 "logical"[]\T1/ptm/m/n/10 ,
[5] [6] [7] [8]
Overfull \hbox (30.56836pt too wide) in paragraph at lines 475--477
[]\T1/ptm/m/n/10 Optional nu-meric vec-tor of prior weights (one per ob-ser-va-
tion). Passed to [][][]\T1/zi4/m/n/10 mgcv::gam()[][][][]\T1/ptm/m/n/10 . 
[9]
Overfull \hbox (5.75923pt too wide) in paragraph at lines 537--540
[]\T1/ptm/m/n/10 A list with com-po-nents: []\T1/zi4/m/n/10 r_squared[]\T1/ptm/
m/n/10 , []\T1/zi4/m/n/10 dev_explained[]\T1/ptm/m/n/10 , []\T1/zi4/m/n/10 aic[
]\T1/ptm/m/n/10 , []\T1/zi4/m/n/10 bic[]\T1/ptm/m/n/10 , []\T1/zi4/m/n/10 n_obs
[]\T1/ptm/m/n/10 , []\T1/zi4/m/n/10 n_smooths[]\T1/ptm/m/n/10 , []\T1/zi4/m/n/1
0 method[]\T1/ptm/m/n/10 , []\T1/zi4/m/n/10 family[]\T1/ptm/m/n/10 ,
[10] [11] [12] [13] [14] [15] [16] [17] [18]
Overfull \hbox (12.91676pt too wide) in paragraph at lines 1040--1042
[]\T1/ptm/m/n/10 Model fit-ting pa-ram-e-ters for the GAM call. Uses the same m
od-ule names-pace as [][][]\T1/zi4/m/n/10 mod_variables_ui()[][][]
[19] [20] [21] [22] [23] [24]
No file Rd2.ind.
[25]
(/private/var/folders/s5/0hkkd8z54f5b5mlv34b31t_40000gv/T/RtmpcQTgwS/Rd2pdf1857
a3bf46886/Rd2.aux)

Package rerunfilecheck Warning: File `Rd2.out' has changed.
(rerunfilecheck)                Rerun to get outlines right
(rerunfilecheck)                or use package `bookmark'.

 )
(see the transcript file for additional information)
pdfTeX warning (dest): name{Rfn.broom::tidy\(\)} has been referenced but does n
ot exist, replaced by a fixed one


pdfTeX warning (dest): name{Rfn.shiny::tagList} has been referenced but does no
t exist, replaced by a fixed one


pdfTeX warning (dest): name{Rfn.shiny::runApp\(\)} has been referenced but does
 not exist, replaced by a fixed one


pdfTeX warning (dest): name{Rfn.broom::glance\(\)} has been referenced but does
 not exist, replaced by a fixed one


pdfTeX warning (dest): name{Rfn.mgcv::gam} has been referenced but does not exi
st, replaced by a fixed one


pdfTeX warning (dest): name{Rfn.mgcv::gam\(\)} has been referenced but does not
 exist, replaced by a fixed one


pdfTeX warning (dest): name{Rfn.stats::formula} has been referenced but does no
t exist, replaced by a fixed one

</usr/local/texlive/2024/texmf-dist/fonts/type1/public/inconsolata/Inconsolata-
zi4r.pfb></usr/local/texlive/2024/texmf-dist/fonts/type1/urw/times/utmb8a.pfb><
/usr/local/texlive/2024/texmf-dist/fonts/type1/urw/times/utmr8a.pfb></usr/local
/texlive/2024/texmf-dist/fonts/type1/urw/times/utmr8a.pfb></usr/local/texlive/2
024/texmf-dist/fonts/type1/urw/times/utmri8a.pfb>
Output written on Rd2.pdf (25 pages, 123411 bytes).
Transcript written on Rd2.log.
This is makeindex, version 2.17 [TeX Live 2024] (kpathsea + Thai support).
Scanning input file Rd2.idx....done (84 entries accepted, 0 rejected).
Sorting entries....done (563 comparisons).
Generating output file Rd2.ind....done (100 lines written, 0 warnings).
Output written in Rd2.ind.
Transcript written in Rd2.ilg.
This is pdfTeX, Version 3.141592653-2.6-1.40.26 (TeX Live 2024) (preloaded format=pdflatex)
 restricted \write18 enabled.
entering extended mode
LaTeX2e <2023-11-01> patch level 1
L3 programming layer <2024-02-20>
(./Rd2.tex
(/usr/local/texlive/2024/texmf-dist/tex/latex/base/book.cls
Document Class: book 2023/05/17 v1.4n Standard LaTeX document class
(/usr/local/texlive/2024/texmf-dist/tex/latex/base/bk10.clo))
(/Library/Frameworks/R.framework/Resources/share/texmf/tex/latex/Rd.sty
(/usr/local/texlive/2024/texmf-dist/tex/latex/base/ifthen.sty)
(/usr/local/texlive/2024/texmf-dist/tex/generic/iftex/iftex.sty)
(/usr/local/texlive/2024/texmf-dist/tex/latex/tools/longtable.sty)
(/usr/local/texlive/2024/texmf-dist/tex/latex/tools/bm.sty)
(/usr/local/texlive/2024/texmf-dist/tex/latex/base/alltt.sty)
(/usr/local/texlive/2024/texmf-dist/tex/latex/tools/verbatim.sty)
(/usr/local/texlive/2024/texmf-dist/tex/latex/url/url.sty)
(/usr/local/texlive/2024/texmf-dist/tex/latex/base/textcomp.sty)
(/usr/local/texlive/2024/texmf-dist/tex/latex/amsmath/amsmath.sty
For additional information on amsmath, use the `?' option.
(/usr/local/texlive/2024/texmf-dist/tex/latex/amsmath/amstext.sty
(/usr/local/texlive/2024/texmf-dist/tex/latex/amsmath/amsgen.sty))
(/usr/local/texlive/2024/texmf-dist/tex/latex/amsmath/amsbsy.sty)
(/usr/local/texlive/2024/texmf-dist/tex/latex/amsmath/amsopn.sty))
(/usr/local/texlive/2024/texmf-dist/tex/latex/amsfonts/amsfonts.sty)
(/usr/local/texlive/2024/texmf-dist/tex/latex/amsfonts/amssymb.sty)
(/usr/local/texlive/2024/texmf-dist/tex/latex/jknapltx/mathrsfs.sty)
(/usr/local/texlive/2024/texmf-dist/tex/latex/base/fontenc.sty)
(/usr/local/texlive/2024/texmf-dist/tex/latex/psnfss/times.sty)
(/usr/local/texlive/2024/texmf-dist/tex/latex/inconsolata/zi4.sty
`inconsolata-zi4' v1.12, 2019/05/17 Text macros for Inconsolata (msharpe)
(/usr/local/texlive/2024/texmf-dist/tex/latex/xkeyval/xkeyval.sty
(/usr/local/texlive/2024/texmf-dist/tex/generic/xkeyval/xkeyval.tex
(/usr/local/texlive/2024/texmf-dist/tex/generic/xkeyval/xkvutils.tex
(/usr/local/texlive/2024/texmf-dist/tex/generic/xkeyval/keyval.tex)))))
(/usr/local/texlive/2024/texmf-dist/tex/latex/graphics/color.sty
(/usr/local/texlive/2024/texmf-dist/tex/latex/graphics-cfg/color.cfg)
(/usr/local/texlive/2024/texmf-dist/tex/latex/graphics-def/pdftex.def)
(/usr/local/texlive/2024/texmf-dist/tex/latex/graphics/mathcolor.ltx))
(/usr/local/texlive/2024/texmf-dist/tex/latex/hyperref/hyperref.sty
(/usr/local/texlive/2024/texmf-dist/tex/latex/kvsetkeys/kvsetkeys.sty)
(/usr/local/texlive/2024/texmf-dist/tex/generic/kvdefinekeys/kvdefinekeys.sty)
(/usr/local/texlive/2024/texmf-dist/tex/generic/pdfescape/pdfescape.sty
(/usr/local/texlive/2024/texmf-dist/tex/generic/ltxcmds/ltxcmds.sty)
(/usr/local/texlive/2024/texmf-dist/tex/generic/pdftexcmds/pdftexcmds.sty
(/usr/local/texlive/2024/texmf-dist/tex/generic/infwarerr/infwarerr.sty)))
(/usr/local/texlive/2024/texmf-dist/tex/latex/hycolor/hycolor.sty)
(/usr/local/texlive/2024/texmf-dist/tex/latex/auxhook/auxhook.sty)
(/usr/local/texlive/2024/texmf-dist/tex/latex/hyperref/nameref.sty
(/usr/local/texlive/2024/texmf-dist/tex/latex/refcount/refcount.sty)
(/usr/local/texlive/2024/texmf-dist/tex/generic/gettitlestring/gettitlestring.s
ty (/usr/local/texlive/2024/texmf-dist/tex/latex/kvoptions/kvoptions.sty)))
(/usr/local/texlive/2024/texmf-dist/tex/latex/etoolbox/etoolbox.sty)
(/usr/local/texlive/2024/texmf-dist/tex/latex/hyperref/pd1enc.def)
(/usr/local/texlive/2024/texmf-dist/tex/generic/intcalc/intcalc.sty)
(/usr/local/texlive/2024/texmf-dist/tex/latex/hyperref/puenc.def)
(/usr/local/texlive/2024/texmf-dist/tex/generic/bitset/bitset.sty
(/usr/local/texlive/2024/texmf-dist/tex/generic/bigintcalc/bigintcalc.sty))
(/usr/local/texlive/2024/texmf-dist/tex/latex/base/atbegshi-ltx.sty))
(/usr/local/texlive/2024/texmf-dist/tex/latex/hyperref/hpdftex.def
(/usr/local/texlive/2024/texmf-dist/tex/latex/base/atveryend-ltx.sty)
(/usr/local/texlive/2024/texmf-dist/tex/latex/rerunfilecheck/rerunfilecheck.sty

(/usr/local/texlive/2024/texmf-dist/tex/generic/uniquecounter/uniquecounter.sty
)))) (/usr/local/texlive/2024/texmf-dist/tex/latex/base/makeidx.sty)
Writing index file Rd2.idx
(/usr/local/texlive/2024/texmf-dist/tex/latex/psnfss/t1ptm.fd)
(/usr/local/texlive/2024/texmf-dist/tex/latex/l3backend/l3backend-pdftex.def)
(/private/var/folders/s5/0hkkd8z54f5b5mlv34b31t_40000gv/T/RtmpcQTgwS/Rd2pdf1857
a3bf46886/Rd2.aux)
(/usr/local/texlive/2024/texmf-dist/tex/context/base/mkii/supp-pdf.mkii
[Loading MPS to PDF converter (version 2006.09.02).]
)
(/private/var/folders/s5/0hkkd8z54f5b5mlv34b31t_40000gv/T/RtmpcQTgwS/Rd2pdf1857
a3bf46886/Rd2.out)
(/private/var/folders/s5/0hkkd8z54f5b5mlv34b31t_40000gv/T/RtmpcQTgwS/Rd2pdf1857
a3bf46886/Rd2.out)
(/usr/local/texlive/2024/texmf-dist/tex/latex/psnfss/ts1ptm.fd)
(/usr/local/texlive/2024/texmf-dist/tex/latex/inconsolata/t1zi4.fd)
(/usr/local/texlive/2024/texmf-dist/tex/latex/amsfonts/umsa.fd)
(/usr/local/texlive/2024/texmf-dist/tex/latex/amsfonts/umsb.fd)
(/usr/local/texlive/2024/texmf-dist/tex/latex/jknapltx/ursfs.fd)
(/private/var/folders/s5/0hkkd8z54f5b5mlv34b31t_40000gv/T/RtmpcQTgwS/Rd2pdf1857
a3bf46886/Rd2.toc [1{/usr/local/texlive/2024/texmf-var/fonts/map/pdftex/updmap/
pdftex.map}{/usr/local/texlive/2024/texmf-dist/fonts/enc/dvips/base/8r.enc}{/us
r/local/texlive/2024/texmf-dist/fonts/enc/dvips/inconsolata/i4-t1-0.enc}])
[2] [3]
Overfull \hbox (2.40915pt too wide) in paragraph at lines 178--181
[]\T1/ptm/m/n/10 A data frame with columns: []\T1/zi4/m/n/10 variable[]\T1/ptm/
m/n/10 , []\T1/zi4/m/n/10 earth_direction[]\T1/ptm/m/n/10 , []\T1/zi4/m/n/10 ga
m_direction[]\T1/ptm/m/n/10 , []\T1/zi4/m/n/10 consistent[]\T1/ptm/m/n/10 , []\
T1/zi4/m/n/10 warning[]\T1/ptm/m/n/10 .
[4]
Overfull \hbox (15.09935pt too wide) in paragraph at lines 224--227
[]\T1/ptm/m/n/10 Named char-ac-ter vec-tor with val-ues like []\T1/zi4/m/n/10 "
numeric"[]\T1/ptm/m/n/10 , []\T1/zi4/m/n/10 "integer"[]\T1/ptm/m/n/10 , []\T1/z
i4/m/n/10 "factor"[]\T1/ptm/m/n/10 , []\T1/zi4/m/n/10 "character"[]\T1/ptm/m/n/
10 , []\T1/zi4/m/n/10 "logical"[]\T1/ptm/m/n/10 ,
[5] [6] [7] [8]
Overfull \hbox (30.56836pt too wide) in paragraph at lines 475--477
[]\T1/ptm/m/n/10 Optional nu-meric vec-tor of prior weights (one per ob-ser-va-
tion). Passed to [][][]\T1/zi4/m/n/10 mgcv::gam()[][][][]\T1/ptm/m/n/10 . 
[9]
Overfull \hbox (5.75923pt too wide) in paragraph at lines 537--540
[]\T1/ptm/m/n/10 A list with com-po-nents: []\T1/zi4/m/n/10 r_squared[]\T1/ptm/
m/n/10 , []\T1/zi4/m/n/10 dev_explained[]\T1/ptm/m/n/10 , []\T1/zi4/m/n/10 aic[
]\T1/ptm/m/n/10 , []\T1/zi4/m/n/10 bic[]\T1/ptm/m/n/10 , []\T1/zi4/m/n/10 n_obs
[]\T1/ptm/m/n/10 , []\T1/zi4/m/n/10 n_smooths[]\T1/ptm/m/n/10 , []\T1/zi4/m/n/1
0 method[]\T1/ptm/m/n/10 , []\T1/zi4/m/n/10 family[]\T1/ptm/m/n/10 ,
[10] [11] [12] [13] [14] [15] [16] [17] [18]
Overfull \hbox (12.91676pt too wide) in paragraph at lines 1040--1042
[]\T1/ptm/m/n/10 Model fit-ting pa-ram-e-ters for the GAM call. Uses the same m
od-ule names-pace as [][][]\T1/zi4/m/n/10 mod_variables_ui()[][][]
[19] [20] [21] [22] [23] [24]
(/private/var/folders/s5/0hkkd8z54f5b5mlv34b31t_40000gv/T/RtmpcQTgwS/Rd2pdf1857
a3bf46886/Rd2.ind [25] [26])
(/private/var/folders/s5/0hkkd8z54f5b5mlv34b31t_40000gv/T/RtmpcQTgwS/Rd2pdf1857
a3bf46886/Rd2.aux)

Package rerunfilecheck Warning: File `Rd2.out' has changed.
(rerunfilecheck)                Rerun to get outlines right
(rerunfilecheck)                or use package `bookmark'.

 )
(see the transcript file for additional information)
pdfTeX warning (dest): name{Rfn.broom::tidy\(\)} has been referenced but does n
ot exist, replaced by a fixed one


pdfTeX warning (dest): name{Rfn.shiny::tagList} has been referenced but does no
t exist, replaced by a fixed one


pdfTeX warning (dest): name{Rfn.shiny::runApp\(\)} has been referenced but does
 not exist, replaced by a fixed one


pdfTeX warning (dest): name{Rfn.broom::glance\(\)} has been referenced but does
 not exist, replaced by a fixed one


pdfTeX warning (dest): name{Rfn.mgcv::gam} has been referenced but does not exi
st, replaced by a fixed one


pdfTeX warning (dest): name{Rfn.mgcv::gam\(\)} has been referenced but does not
 exist, replaced by a fixed one


pdfTeX warning (dest): name{Rfn.stats::formula} has been referenced but does no
t exist, replaced by a fixed one

</usr/local/texlive/2024/texmf-dist/fonts/type1/public/inconsolata/Inconsolata-
zi4r.pfb></usr/local/texlive/2024/texmf-dist/fonts/type1/public/amsfonts/cm/cms
y10.pfb></usr/local/texlive/2024/texmf-dist/fonts/type1/urw/times/utmb8a.pfb></
usr/local/texlive/2024/texmf-dist/fonts/type1/urw/times/utmr8a.pfb></usr/local/
texlive/2024/texmf-dist/fonts/type1/urw/times/utmr8a.pfb></usr/local/texlive/20
24/texmf-dist/fonts/type1/urw/times/utmri8a.pfb>
Output written on Rd2.pdf (26 pages, 140931 bytes).
Transcript written on Rd2.log.
This is makeindex, version 2.17 [TeX Live 2024] (kpathsea + Thai support).
Scanning input file Rd2.idx....done (84 entries accepted, 0 rejected).
Sorting entries....done (564 comparisons).
Generating output file Rd2.ind....done (100 lines written, 0 warnings).
Output written in Rd2.ind.
Transcript written in Rd2.ilg.
This is pdfTeX, Version 3.141592653-2.6-1.40.26 (TeX Live 2024) (preloaded format=pdflatex)
 restricted \write18 enabled.
entering extended mode
LaTeX2e <2023-11-01> patch level 1
L3 programming layer <2024-02-20>
(./Rd2.tex
(/usr/local/texlive/2024/texmf-dist/tex/latex/base/book.cls
Document Class: book 2023/05/17 v1.4n Standard LaTeX document class
(/usr/local/texlive/2024/texmf-dist/tex/latex/base/bk10.clo))
(/Library/Frameworks/R.framework/Resources/share/texmf/tex/latex/Rd.sty
(/usr/local/texlive/2024/texmf-dist/tex/latex/base/ifthen.sty)
(/usr/local/texlive/2024/texmf-dist/tex/generic/iftex/iftex.sty)
(/usr/local/texlive/2024/texmf-dist/tex/latex/tools/longtable.sty)
(/usr/local/texlive/2024/texmf-dist/tex/latex/tools/bm.sty)
(/usr/local/texlive/2024/texmf-dist/tex/latex/base/alltt.sty)
(/usr/local/texlive/2024/texmf-dist/tex/latex/tools/verbatim.sty)
(/usr/local/texlive/2024/texmf-dist/tex/latex/url/url.sty)
(/usr/local/texlive/2024/texmf-dist/tex/latex/base/textcomp.sty)
(/usr/local/texlive/2024/texmf-dist/tex/latex/amsmath/amsmath.sty
For additional information on amsmath, use the `?' option.
(/usr/local/texlive/2024/texmf-dist/tex/latex/amsmath/amstext.sty
(/usr/local/texlive/2024/texmf-dist/tex/latex/amsmath/amsgen.sty))
(/usr/local/texlive/2024/texmf-dist/tex/latex/amsmath/amsbsy.sty)
(/usr/local/texlive/2024/texmf-dist/tex/latex/amsmath/amsopn.sty))
(/usr/local/texlive/2024/texmf-dist/tex/latex/amsfonts/amsfonts.sty)
(/usr/local/texlive/2024/texmf-dist/tex/latex/amsfonts/amssymb.sty)
(/usr/local/texlive/2024/texmf-dist/tex/latex/jknapltx/mathrsfs.sty)
(/usr/local/texlive/2024/texmf-dist/tex/latex/base/fontenc.sty)
(/usr/local/texlive/2024/texmf-dist/tex/latex/psnfss/times.sty)
(/usr/local/texlive/2024/texmf-dist/tex/latex/inconsolata/zi4.sty
`inconsolata-zi4' v1.12, 2019/05/17 Text macros for Inconsolata (msharpe)
(/usr/local/texlive/2024/texmf-dist/tex/latex/xkeyval/xkeyval.sty
(/usr/local/texlive/2024/texmf-dist/tex/generic/xkeyval/xkeyval.tex
(/usr/local/texlive/2024/texmf-dist/tex/generic/xkeyval/xkvutils.tex
(/usr/local/texlive/2024/texmf-dist/tex/generic/xkeyval/keyval.tex)))))
(/usr/local/texlive/2024/texmf-dist/tex/latex/graphics/color.sty
(/usr/local/texlive/2024/texmf-dist/tex/latex/graphics-cfg/color.cfg)
(/usr/local/texlive/2024/texmf-dist/tex/latex/graphics-def/pdftex.def)
(/usr/local/texlive/2024/texmf-dist/tex/latex/graphics/mathcolor.ltx))
(/usr/local/texlive/2024/texmf-dist/tex/latex/hyperref/hyperref.sty
(/usr/local/texlive/2024/texmf-dist/tex/latex/kvsetkeys/kvsetkeys.sty)
(/usr/local/texlive/2024/texmf-dist/tex/generic/kvdefinekeys/kvdefinekeys.sty)
(/usr/local/texlive/2024/texmf-dist/tex/generic/pdfescape/pdfescape.sty
(/usr/local/texlive/2024/texmf-dist/tex/generic/ltxcmds/ltxcmds.sty)
(/usr/local/texlive/2024/texmf-dist/tex/generic/pdftexcmds/pdftexcmds.sty
(/usr/local/texlive/2024/texmf-dist/tex/generic/infwarerr/infwarerr.sty)))
(/usr/local/texlive/2024/texmf-dist/tex/latex/hycolor/hycolor.sty)
(/usr/local/texlive/2024/texmf-dist/tex/latex/auxhook/auxhook.sty)
(/usr/local/texlive/2024/texmf-dist/tex/latex/hyperref/nameref.sty
(/usr/local/texlive/2024/texmf-dist/tex/latex/refcount/refcount.sty)
(/usr/local/texlive/2024/texmf-dist/tex/generic/gettitlestring/gettitlestring.s
ty (/usr/local/texlive/2024/texmf-dist/tex/latex/kvoptions/kvoptions.sty)))
(/usr/local/texlive/2024/texmf-dist/tex/latex/etoolbox/etoolbox.sty)
(/usr/local/texlive/2024/texmf-dist/tex/latex/hyperref/pd1enc.def)
(/usr/local/texlive/2024/texmf-dist/tex/generic/intcalc/intcalc.sty)
(/usr/local/texlive/2024/texmf-dist/tex/latex/hyperref/puenc.def)
(/usr/local/texlive/2024/texmf-dist/tex/generic/bitset/bitset.sty
(/usr/local/texlive/2024/texmf-dist/tex/generic/bigintcalc/bigintcalc.sty))
(/usr/local/texlive/2024/texmf-dist/tex/latex/base/atbegshi-ltx.sty))
(/usr/local/texlive/2024/texmf-dist/tex/latex/hyperref/hpdftex.def
(/usr/local/texlive/2024/texmf-dist/tex/latex/base/atveryend-ltx.sty)
(/usr/local/texlive/2024/texmf-dist/tex/latex/rerunfilecheck/rerunfilecheck.sty

(/usr/local/texlive/2024/texmf-dist/tex/generic/uniquecounter/uniquecounter.sty
)))) (/usr/local/texlive/2024/texmf-dist/tex/latex/base/makeidx.sty)
Writing index file Rd2.idx
(/usr/local/texlive/2024/texmf-dist/tex/latex/psnfss/t1ptm.fd)
(/usr/local/texlive/2024/texmf-dist/tex/latex/l3backend/l3backend-pdftex.def)
(/private/var/folders/s5/0hkkd8z54f5b5mlv34b31t_40000gv/T/RtmpcQTgwS/Rd2pdf1857
a3bf46886/Rd2.aux)
(/usr/local/texlive/2024/texmf-dist/tex/context/base/mkii/supp-pdf.mkii
[Loading MPS to PDF converter (version 2006.09.02).]
)
(/private/var/folders/s5/0hkkd8z54f5b5mlv34b31t_40000gv/T/RtmpcQTgwS/Rd2pdf1857
a3bf46886/Rd2.out)
(/private/var/folders/s5/0hkkd8z54f5b5mlv34b31t_40000gv/T/RtmpcQTgwS/Rd2pdf1857
a3bf46886/Rd2.out)
(/usr/local/texlive/2024/texmf-dist/tex/latex/psnfss/ts1ptm.fd)
(/usr/local/texlive/2024/texmf-dist/tex/latex/inconsolata/t1zi4.fd)
(/usr/local/texlive/2024/texmf-dist/tex/latex/amsfonts/umsa.fd)
(/usr/local/texlive/2024/texmf-dist/tex/latex/amsfonts/umsb.fd)
(/usr/local/texlive/2024/texmf-dist/tex/latex/jknapltx/ursfs.fd)
(/private/var/folders/s5/0hkkd8z54f5b5mlv34b31t_40000gv/T/RtmpcQTgwS/Rd2pdf1857
a3bf46886/Rd2.toc [1{/usr/local/texlive/2024/texmf-var/fonts/map/pdftex/updmap/
pdftex.map}{/usr/local/texlive/2024/texmf-dist/fonts/enc/dvips/base/8r.enc}{/us
r/local/texlive/2024/texmf-dist/fonts/enc/dvips/inconsolata/i4-t1-0.enc}])
[2] [3]
Overfull \hbox (2.40915pt too wide) in paragraph at lines 178--181
[]\T1/ptm/m/n/10 A data frame with columns: []\T1/zi4/m/n/10 variable[]\T1/ptm/
m/n/10 , []\T1/zi4/m/n/10 earth_direction[]\T1/ptm/m/n/10 , []\T1/zi4/m/n/10 ga
m_direction[]\T1/ptm/m/n/10 , []\T1/zi4/m/n/10 consistent[]\T1/ptm/m/n/10 , []\
T1/zi4/m/n/10 warning[]\T1/ptm/m/n/10 .
[4]
Overfull \hbox (15.09935pt too wide) in paragraph at lines 224--227
[]\T1/ptm/m/n/10 Named char-ac-ter vec-tor with val-ues like []\T1/zi4/m/n/10 "
numeric"[]\T1/ptm/m/n/10 , []\T1/zi4/m/n/10 "integer"[]\T1/ptm/m/n/10 , []\T1/z
i4/m/n/10 "factor"[]\T1/ptm/m/n/10 , []\T1/zi4/m/n/10 "character"[]\T1/ptm/m/n/
10 , []\T1/zi4/m/n/10 "logical"[]\T1/ptm/m/n/10 ,
[5] [6] [7] [8]
Overfull \hbox (30.56836pt too wide) in paragraph at lines 475--477
[]\T1/ptm/m/n/10 Optional nu-meric vec-tor of prior weights (one per ob-ser-va-
tion). Passed to [][][]\T1/zi4/m/n/10 mgcv::gam()[][][][]\T1/ptm/m/n/10 . 
[9]
Overfull \hbox (5.75923pt too wide) in paragraph at lines 537--540
[]\T1/ptm/m/n/10 A list with com-po-nents: []\T1/zi4/m/n/10 r_squared[]\T1/ptm/
m/n/10 , []\T1/zi4/m/n/10 dev_explained[]\T1/ptm/m/n/10 , []\T1/zi4/m/n/10 aic[
]\T1/ptm/m/n/10 , []\T1/zi4/m/n/10 bic[]\T1/ptm/m/n/10 , []\T1/zi4/m/n/10 n_obs
[]\T1/ptm/m/n/10 , []\T1/zi4/m/n/10 n_smooths[]\T1/ptm/m/n/10 , []\T1/zi4/m/n/1
0 method[]\T1/ptm/m/n/10 , []\T1/zi4/m/n/10 family[]\T1/ptm/m/n/10 ,
[10] [11] [12] [13] [14] [15] [16] [17] [18]
Overfull \hbox (12.91676pt too wide) in paragraph at lines 1040--1042
[]\T1/ptm/m/n/10 Model fit-ting pa-ram-e-ters for the GAM call. Uses the same m
od-ule names-pace as [][][]\T1/zi4/m/n/10 mod_variables_ui()[][][]
[19] [20] [21] [22] [23] [24]
(/private/var/folders/s5/0hkkd8z54f5b5mlv34b31t_40000gv/T/RtmpcQTgwS/Rd2pdf1857
a3bf46886/Rd2.ind [25] [26])
(/private/var/folders/s5/0hkkd8z54f5b5mlv34b31t_40000gv/T/RtmpcQTgwS/Rd2pdf1857
a3bf46886/Rd2.aux) )
(see the transcript file for additional information)
pdfTeX warning (dest): name{Rfn.broom::tidy\(\)} has been referenced but does n
ot exist, replaced by a fixed one


pdfTeX warning (dest): name{Rfn.shiny::tagList} has been referenced but does no
t exist, replaced by a fixed one


pdfTeX warning (dest): name{Rfn.shiny::runApp\(\)} has been referenced but does
 not exist, replaced by a fixed one


pdfTeX warning (dest): name{Rfn.broom::glance\(\)} has been referenced but does
 not exist, replaced by a fixed one


pdfTeX warning (dest): name{Rfn.mgcv::gam} has been referenced but does not exi
st, replaced by a fixed one


pdfTeX warning (dest): name{Rfn.mgcv::gam\(\)} has been referenced but does not
 exist, replaced by a fixed one


pdfTeX warning (dest): name{Rfn.stats::formula} has been referenced but does no
t exist, replaced by a fixed one

</usr/local/texlive/2024/texmf-dist/fonts/type1/public/inconsolata/Inconsolata-
zi4r.pfb></usr/local/texlive/2024/texmf-dist/fonts/type1/public/amsfonts/cm/cms
y10.pfb></usr/local/texlive/2024/texmf-dist/fonts/type1/urw/times/utmb8a.pfb></
usr/local/texlive/2024/texmf-dist/fonts/type1/urw/times/utmr8a.pfb></usr/local/
texlive/2024/texmf-dist/fonts/type1/urw/times/utmr8a.pfb></usr/local/texlive/20
24/texmf-dist/fonts/type1/urw/times/utmri8a.pfb>
Output written on Rd2.pdf (26 pages, 141417 bytes).
Transcript written on Rd2.log.
Saving output to ‘mgcvUI-manual.pdf’ ...
Done
You may want to clean up by 'rm -Rf /var/folders/s5/0hkkd8z54f5b5mlv34b31t_40000gv/T//RtmpcQTgwS/Rd2pdf1857a3bf46886'
